// Jest Snapshot v1, https://goo.gl/fbAQLP

exports[`authentications_modal renders the authentications_modal component 1`] = `<authentications_modal />`;
