// Jest Snapshot v1, https://goo.gl/fbAQLP

exports[`config xml modal matches the snapshot 1`] = `
<Modal
  ariaHideApp={true}
  bodyOpenClassName="ReactModal__Body--open"
  className="c-modal c-modal--settings is-open"
  closeTimeoutMS={0}
  contentElement={[Function]}
  contentLabel="Application Instances Modal"
  isOpen={true}
  onRequestClose={[Function]}
  overlayClassName="c-modal__background"
  overlayElement={[Function]}
  parentSelector={[Function]}
  portalClassName="ReactModalPortal"
  preventScroll={false}
  role="dialog"
  shouldCloseOnEsc={true}
  shouldCloseOnOverlayClick={true}
  shouldFocusAfterRender={true}
  shouldReturnFocusAfterClose={true}
>
  <h2
    className="c-modal__title"
  >
    Config XML for 
    bfcoder
     Instance
  </h2>
  <div
    className="o-grid__item u-half"
  >
    <Input
      className="c-input"
      inputProps={
        Object {
          "id": "lti_config_xml_lti_key",
          "name": "lti_key",
          "readOnly": true,
          "type": "text",
          "value": "something-special",
        }
      }
      labelText="LTI Key"
    />
  </div>
  <div
    className="o-grid__item u-half"
  >
    <Input
      className="c-input"
      inputProps={
        Object {
          "id": "lti_config_xml_lti_secret",
          "name": "lti_secret",
          "readOnly": true,
          "type": "text",
          "value": "12345",
        }
      }
      labelText="LTI Secret"
    />
  </div>
  <div
    className="o-grid__item u-full"
  >
    <Textarea
      className="c-input"
      labelText="LTI Config XML"
      textareaProps={
        Object {
          "id": "application_instance_lti_config_xml",
          "name": "lti_config_xml",
          "onChange": [Function],
          "readOnly": true,
          "rows": 20,
          "value": "IMA XML",
        }
      }
    />
  </div>
  <button
    className="c-btn c-btn--gray--large u-m-right"
    onClick={[Function]}
    type="button"
  >
    Close
  </button>
</Modal>
`;
