// Jest Snapshot v1, https://goo.gl/fbAQLP

exports[`application instances header matches the snapshot 1`] = `
ShallowWrapper {
  "length": 1,
  Symbol(enzyme.__root__): [Circular],
  Symbol(enzyme.__unrendered__): <Header
    application={
      Object {
        "name": "test application",
      }
    }
    newApplicationInstance={[Function]}
  />,
  Symbol(enzyme.__renderer__): Object {
    "batchedUpdates": [Function],
    "getNode": [Function],
    "render": [Function],
    "simulateEvent": [Function],
    "unmount": [Function],
  },
  Symbol(enzyme.__node__): Object {
    "instance": null,
    "key": undefined,
    "nodeType": "host",
    "props": Object {
      "children": Array [
        <div
          className="c-title"
        >
          <h1>
            test application
             Instances
          </h1>
        </div>,
        <button
          className="c-btn c-btn--yellow"
          onClick={[Function]}
        >
          New Application Instance
        </button>,
      ],
      "className": "c-info",
    },
    "ref": null,
    "rendered": Array [
      Object {
        "instance": null,
        "key": undefined,
        "nodeType": "host",
        "props": Object {
          "children": <h1>
            test application
             Instances
          </h1>,
          "className": "c-title",
        },
        "ref": null,
        "rendered": Object {
          "instance": null,
          "key": undefined,
          "nodeType": "host",
          "props": Object {
            "children": Array [
              "test application",
              " Instances",
            ],
          },
          "ref": null,
          "rendered": Array [
            "test application",
            " Instances",
          ],
          "type": "h1",
        },
        "type": "div",
      },
      Object {
        "instance": null,
        "key": undefined,
        "nodeType": "host",
        "props": Object {
          "children": "New Application Instance",
          "className": "c-btn c-btn--yellow",
          "onClick": [Function],
        },
        "ref": null,
        "rendered": "New Application Instance",
        "type": "button",
      },
    ],
    "type": "div",
  },
  Symbol(enzyme.__nodes__): Array [
    Object {
      "instance": null,
      "key": undefined,
      "nodeType": "host",
      "props": Object {
        "children": Array [
          <div
            className="c-title"
          >
            <h1>
              test application
               Instances
            </h1>
          </div>,
          <button
            className="c-btn c-btn--yellow"
            onClick={[Function]}
          >
            New Application Instance
          </button>,
        ],
        "className": "c-info",
      },
      "ref": null,
      "rendered": Array [
        Object {
          "instance": null,
          "key": undefined,
          "nodeType": "host",
          "props": Object {
            "children": <h1>
              test application
               Instances
            </h1>,
            "className": "c-title",
          },
          "ref": null,
          "rendered": Object {
            "instance": null,
            "key": undefined,
            "nodeType": "host",
            "props": Object {
              "children": Array [
                "test application",
                " Instances",
              ],
            },
            "ref": null,
            "rendered": Array [
              "test application",
              " Instances",
            ],
            "type": "h1",
          },
          "type": "div",
        },
        Object {
          "instance": null,
          "key": undefined,
          "nodeType": "host",
          "props": Object {
            "children": "New Application Instance",
            "className": "c-btn c-btn--yellow",
            "onClick": [Function],
          },
          "ref": null,
          "rendered": "New Application Instance",
          "type": "button",
        },
      ],
      "type": "div",
    },
  ],
  Symbol(enzyme.__options__): Object {
    "adapter": ReactSixteenAdapter {
      "options": Object {
        "enableComponentDidUpdateOnSetState": true,
      },
    },
  },
}
`;
