// Jest Snapshot v1, https://goo.gl/fbAQLP

exports[`application instances index matches the snapshot 1`] = `
ShallowWrapper {
  "length": 1,
  Symbol(enzyme.__root__): [Circular],
  Symbol(enzyme.__unrendered__): <Index
    applicationInstances={
      Array [
        Object {},
      ]
    }
    applications={Object {}}
    canvasOauthURL="https://www.example.com"
    createApplicationInstance={[Function]}
    deleteApplicationInstance={[Function]}
    disableApplicationInstance={[Function]}
    getApplicationInstances={[Function]}
    params={
      Object {
        "applicationId": "id",
      }
    }
    saveApplicationInstance={[Function]}
    settings={
      Object {
        "canvas_callback_url": "https://www.example.com",
      }
    }
    sites={
      Object {
        "1": Object {
          "id": 1,
          "oauth_key": "akey",
          "oauth_secret": "secret",
        },
      }
    }
  />,
  Symbol(enzyme.__renderer__): Object {
    "batchedUpdates": [Function],
    "getNode": [Function],
    "render": [Function],
    "simulateEvent": [Function],
    "unmount": [Function],
  },
  Symbol(enzyme.__node__): Object {
    "instance": null,
    "key": undefined,
    "nodeType": "host",
    "props": Object {
      "children": Array [
        <Connect(Heading)
          backTo="/applications"
        />,
        <div
          className="o-contain o-contain--full"
        >
          <Header
            newApplicationInstance={[Function]}
            openSettings={[Function]}
          />
          <List
            applicationInstances={
              Array [
                Object {},
              ]
            }
            canvasOauthURL="https://www.example.com"
            deleteApplicationInstance={[Function]}
            disableApplicationInstance={[Function]}
            saveApplicationInstance={[Function]}
            settings={
              Object {
                "canvas_callback_url": "https://www.example.com",
              }
            }
            sites={
              Object {
                "1": Object {
                  "id": 1,
                  "oauth_key": "akey",
                  "oauth_secret": "secret",
                },
              }
            }
          />
        </div>,
      ],
    },
    "ref": null,
    "rendered": Array [
      Object {
        "instance": null,
        "key": undefined,
        "nodeType": "class",
        "props": Object {
          "backTo": "/applications",
        },
        "ref": null,
        "rendered": null,
        "type": [Function],
      },
      Object {
        "instance": null,
        "key": undefined,
        "nodeType": "host",
        "props": Object {
          "children": Array [
            null,
            <Header
              newApplicationInstance={[Function]}
              openSettings={[Function]}
            />,
            <List
              applicationInstances={
                Array [
                  Object {},
                ]
              }
              canvasOauthURL="https://www.example.com"
              deleteApplicationInstance={[Function]}
              disableApplicationInstance={[Function]}
              saveApplicationInstance={[Function]}
              settings={
                Object {
                  "canvas_callback_url": "https://www.example.com",
                }
              }
              sites={
                Object {
                  "1": Object {
                    "id": 1,
                    "oauth_key": "akey",
                    "oauth_secret": "secret",
                  },
                }
              }
            />,
          ],
          "className": "o-contain o-contain--full",
        },
        "ref": null,
        "rendered": Array [
          null,
          Object {
            "instance": null,
            "key": undefined,
            "nodeType": "function",
            "props": Object {
              "application": undefined,
              "newApplicationInstance": [Function],
              "openSettings": [Function],
            },
            "ref": null,
            "rendered": null,
            "type": [Function],
          },
          Object {
            "instance": null,
            "key": undefined,
            "nodeType": "function",
            "props": Object {
              "application": undefined,
              "applicationInstances": Array [
                Object {},
              ],
              "canvasOauthURL": "https://www.example.com",
              "deleteApplicationInstance": [Function],
              "disableApplicationInstance": [Function],
              "saveApplicationInstance": [Function],
              "settings": Object {
                "canvas_callback_url": "https://www.example.com",
              },
              "sites": Object {
                "1": Object {
                  "id": 1,
                  "oauth_key": "akey",
                  "oauth_secret": "secret",
                },
              },
            },
            "ref": null,
            "rendered": null,
            "type": [Function],
          },
        ],
        "type": "div",
      },
    ],
    "type": "div",
  },
  Symbol(enzyme.__nodes__): Array [
    Object {
      "instance": null,
      "key": undefined,
      "nodeType": "host",
      "props": Object {
        "children": Array [
          <Connect(Heading)
            backTo="/applications"
          />,
          <div
            className="o-contain o-contain--full"
          >
            <Header
              newApplicationInstance={[Function]}
              openSettings={[Function]}
            />
            <List
              applicationInstances={
                Array [
                  Object {},
                ]
              }
              canvasOauthURL="https://www.example.com"
              deleteApplicationInstance={[Function]}
              disableApplicationInstance={[Function]}
              saveApplicationInstance={[Function]}
              settings={
                Object {
                  "canvas_callback_url": "https://www.example.com",
                }
              }
              sites={
                Object {
                  "1": Object {
                    "id": 1,
                    "oauth_key": "akey",
                    "oauth_secret": "secret",
                  },
                }
              }
            />
          </div>,
        ],
      },
      "ref": null,
      "rendered": Array [
        Object {
          "instance": null,
          "key": undefined,
          "nodeType": "class",
          "props": Object {
            "backTo": "/applications",
          },
          "ref": null,
          "rendered": null,
          "type": [Function],
        },
        Object {
          "instance": null,
          "key": undefined,
          "nodeType": "host",
          "props": Object {
            "children": Array [
              null,
              <Header
                newApplicationInstance={[Function]}
                openSettings={[Function]}
              />,
              <List
                applicationInstances={
                  Array [
                    Object {},
                  ]
                }
                canvasOauthURL="https://www.example.com"
                deleteApplicationInstance={[Function]}
                disableApplicationInstance={[Function]}
                saveApplicationInstance={[Function]}
                settings={
                  Object {
                    "canvas_callback_url": "https://www.example.com",
                  }
                }
                sites={
                  Object {
                    "1": Object {
                      "id": 1,
                      "oauth_key": "akey",
                      "oauth_secret": "secret",
                    },
                  }
                }
              />,
            ],
            "className": "o-contain o-contain--full",
          },
          "ref": null,
          "rendered": Array [
            null,
            Object {
              "instance": null,
              "key": undefined,
              "nodeType": "function",
              "props": Object {
                "application": undefined,
                "newApplicationInstance": [Function],
                "openSettings": [Function],
              },
              "ref": null,
              "rendered": null,
              "type": [Function],
            },
            Object {
              "instance": null,
              "key": undefined,
              "nodeType": "function",
              "props": Object {
                "application": undefined,
                "applicationInstances": Array [
                  Object {},
                ],
                "canvasOauthURL": "https://www.example.com",
                "deleteApplicationInstance": [Function],
                "disableApplicationInstance": [Function],
                "saveApplicationInstance": [Function],
                "settings": Object {
                  "canvas_callback_url": "https://www.example.com",
                },
                "sites": Object {
                  "1": Object {
                    "id": 1,
                    "oauth_key": "akey",
                    "oauth_secret": "secret",
                  },
                },
              },
              "ref": null,
              "rendered": null,
              "type": [Function],
            },
          ],
          "type": "div",
        },
      ],
      "type": "div",
    },
  ],
  Symbol(enzyme.__options__): Object {
    "adapter": ReactSixteenAdapter {
      "options": Object {
        "enableComponentDidUpdateOnSetState": true,
      },
    },
  },
}
`;
