// Jest Snapshot v1, https://goo.gl/fbAQLP

exports[`applications application row matches the snapshot 1`] = `
ShallowWrapper {
  "length": 1,
  Symbol(enzyme.__root__): [Circular],
  Symbol(enzyme.__unrendered__): <ApplicationRow
    application={
      Object {
        "application_instances_count": 1234,
        "id": 314159,
        "name": "SPECNAME",
      }
    }
    saveApplication={[Function]}
  />,
  Symbol(enzyme.__renderer__): Object {
    "batchedUpdates": [Function],
    "getNode": [Function],
    "render": [Function],
    "simulateEvent": [Function],
    "unmount": [Function],
  },
  Symbol(enzyme.__node__): Object {
    "instance": null,
    "key": undefined,
    "nodeType": "host",
    "props": Object {
      "children": Array [
        <td>
          <Link
            onlyActiveOnIndex={false}
            style={Object {}}
            to="/applications/314159/application_instances"
          >
            SPECNAME
          </Link>
        </td>,
        <td>
          <span>
            1234
          </span>
        </td>,
        <td>
          <button
            onClick={[Function]}
            style={
              Object {
                "backgroundColor": "transparent",
                "border": "none",
                "color": "grey",
                "cursor": "pointer",
                "fontSize": "1.5em",
              }
            }
          >
            <i
              className="i-settings"
            />
          </button>
          <Modal
            application={
              Object {
                "application_instances_count": 1234,
                "id": 314159,
                "name": "SPECNAME",
              }
            }
            closeModal={[Function]}
            isOpen={false}
            save={[Function]}
          />
        </td>,
      ],
    },
    "ref": null,
    "rendered": Array [
      Object {
        "instance": null,
        "key": undefined,
        "nodeType": "host",
        "props": Object {
          "children": <Link
            onlyActiveOnIndex={false}
            style={Object {}}
            to="/applications/314159/application_instances"
          >
            SPECNAME
          </Link>,
        },
        "ref": null,
        "rendered": Object {
          "instance": null,
          "key": undefined,
          "nodeType": "class",
          "props": Object {
            "children": "SPECNAME",
            "onlyActiveOnIndex": false,
            "style": Object {},
            "to": "/applications/314159/application_instances",
          },
          "ref": null,
          "rendered": "SPECNAME",
          "type": [Function],
        },
        "type": "td",
      },
      Object {
        "instance": null,
        "key": undefined,
        "nodeType": "host",
        "props": Object {
          "children": <span>
            1234
          </span>,
        },
        "ref": null,
        "rendered": Object {
          "instance": null,
          "key": undefined,
          "nodeType": "host",
          "props": Object {
            "children": 1234,
          },
          "ref": null,
          "rendered": 1234,
          "type": "span",
        },
        "type": "td",
      },
      Object {
        "instance": null,
        "key": undefined,
        "nodeType": "host",
        "props": Object {
          "children": Array [
            <button
              onClick={[Function]}
              style={
                Object {
                  "backgroundColor": "transparent",
                  "border": "none",
                  "color": "grey",
                  "cursor": "pointer",
                  "fontSize": "1.5em",
                }
              }
            >
              <i
                className="i-settings"
              />
            </button>,
            <Modal
              application={
                Object {
                  "application_instances_count": 1234,
                  "id": 314159,
                  "name": "SPECNAME",
                }
              }
              closeModal={[Function]}
              isOpen={false}
              save={[Function]}
            />,
          ],
        },
        "ref": null,
        "rendered": Array [
          Object {
            "instance": null,
            "key": undefined,
            "nodeType": "host",
            "props": Object {
              "children": <i
                className="i-settings"
              />,
              "onClick": [Function],
              "style": Object {
                "backgroundColor": "transparent",
                "border": "none",
                "color": "grey",
                "cursor": "pointer",
                "fontSize": "1.5em",
              },
            },
            "ref": null,
            "rendered": Object {
              "instance": null,
              "key": undefined,
              "nodeType": "host",
              "props": Object {
                "className": "i-settings",
              },
              "ref": null,
              "rendered": null,
              "type": "i",
            },
            "type": "button",
          },
          Object {
            "instance": null,
            "key": undefined,
            "nodeType": "class",
            "props": Object {
              "application": Object {
                "application_instances_count": 1234,
                "id": 314159,
                "name": "SPECNAME",
              },
              "closeModal": [Function],
              "isOpen": false,
              "save": [Function],
            },
            "ref": null,
            "rendered": null,
            "type": [Function],
          },
        ],
        "type": "td",
      },
    ],
    "type": "tr",
  },
  Symbol(enzyme.__nodes__): Array [
    Object {
      "instance": null,
      "key": undefined,
      "nodeType": "host",
      "props": Object {
        "children": Array [
          <td>
            <Link
              onlyActiveOnIndex={false}
              style={Object {}}
              to="/applications/314159/application_instances"
            >
              SPECNAME
            </Link>
          </td>,
          <td>
            <span>
              1234
            </span>
          </td>,
          <td>
            <button
              onClick={[Function]}
              style={
                Object {
                  "backgroundColor": "transparent",
                  "border": "none",
                  "color": "grey",
                  "cursor": "pointer",
                  "fontSize": "1.5em",
                }
              }
            >
              <i
                className="i-settings"
              />
            </button>
            <Modal
              application={
                Object {
                  "application_instances_count": 1234,
                  "id": 314159,
                  "name": "SPECNAME",
                }
              }
              closeModal={[Function]}
              isOpen={false}
              save={[Function]}
            />
          </td>,
        ],
      },
      "ref": null,
      "rendered": Array [
        Object {
          "instance": null,
          "key": undefined,
          "nodeType": "host",
          "props": Object {
            "children": <Link
              onlyActiveOnIndex={false}
              style={Object {}}
              to="/applications/314159/application_instances"
            >
              SPECNAME
            </Link>,
          },
          "ref": null,
          "rendered": Object {
            "instance": null,
            "key": undefined,
            "nodeType": "class",
            "props": Object {
              "children": "SPECNAME",
              "onlyActiveOnIndex": false,
              "style": Object {},
              "to": "/applications/314159/application_instances",
            },
            "ref": null,
            "rendered": "SPECNAME",
            "type": [Function],
          },
          "type": "td",
        },
        Object {
          "instance": null,
          "key": undefined,
          "nodeType": "host",
          "props": Object {
            "children": <span>
              1234
            </span>,
          },
          "ref": null,
          "rendered": Object {
            "instance": null,
            "key": undefined,
            "nodeType": "host",
            "props": Object {
              "children": 1234,
            },
            "ref": null,
            "rendered": 1234,
            "type": "span",
          },
          "type": "td",
        },
        Object {
          "instance": null,
          "key": undefined,
          "nodeType": "host",
          "props": Object {
            "children": Array [
              <button
                onClick={[Function]}
                style={
                  Object {
                    "backgroundColor": "transparent",
                    "border": "none",
                    "color": "grey",
                    "cursor": "pointer",
                    "fontSize": "1.5em",
                  }
                }
              >
                <i
                  className="i-settings"
                />
              </button>,
              <Modal
                application={
                  Object {
                    "application_instances_count": 1234,
                    "id": 314159,
                    "name": "SPECNAME",
                  }
                }
                closeModal={[Function]}
                isOpen={false}
                save={[Function]}
              />,
            ],
          },
          "ref": null,
          "rendered": Array [
            Object {
              "instance": null,
              "key": undefined,
              "nodeType": "host",
              "props": Object {
                "children": <i
                  className="i-settings"
                />,
                "onClick": [Function],
                "style": Object {
                  "backgroundColor": "transparent",
                  "border": "none",
                  "color": "grey",
                  "cursor": "pointer",
                  "fontSize": "1.5em",
                },
              },
              "ref": null,
              "rendered": Object {
                "instance": null,
                "key": undefined,
                "nodeType": "host",
                "props": Object {
                  "className": "i-settings",
                },
                "ref": null,
                "rendered": null,
                "type": "i",
              },
              "type": "button",
            },
            Object {
              "instance": null,
              "key": undefined,
              "nodeType": "class",
              "props": Object {
                "application": Object {
                  "application_instances_count": 1234,
                  "id": 314159,
                  "name": "SPECNAME",
                },
                "closeModal": [Function],
                "isOpen": false,
                "save": [Function],
              },
              "ref": null,
              "rendered": null,
              "type": [Function],
            },
          ],
          "type": "td",
        },
      ],
      "type": "tr",
    },
  ],
  Symbol(enzyme.__options__): Object {
    "adapter": ReactSixteenAdapter {
      "options": Object {
        "enableComponentDidUpdateOnSetState": true,
      },
    },
  },
}
`;
