// Jest Snapshot v1, https://goo.gl/fbAQLP

exports[`applications index matches the snapshot 1`] = `
ShallowWrapper {
  "length": 1,
  Symbol(enzyme.__root__): [Circular],
  Symbol(enzyme.__unrendered__): <Index
    applications={
      Object {
        "Spiderman": Object {
          "Power1": "Wall Crawling",
          "Power2": "Spidey Sense",
        },
      }
    }
    saveApplication={[Function]}
  />,
  Symbol(enzyme.__renderer__): Object {
    "batchedUpdates": [Function],
    "getNode": [Function],
    "render": [Function],
    "simulateEvent": [Function],
    "unmount": [Function],
  },
  Symbol(enzyme.__node__): Object {
    "instance": null,
    "key": undefined,
    "nodeType": "host",
    "props": Object {
      "children": Array [
        <Connect(Heading) />,
        <div
          className="o-contain o-contain--full"
        >
          <div
            className="c-info"
          >
            <div
              className="c-title"
            >
              <h1>
                LTI Applications
              </h1>
            </div>
          </div>
          <table
            className="c-table c-table--lti"
          >
            <thead>
              <tr>
                <th>
                  <span>
                    NAME
                  </span>
                </th>
                <th>
                  <span>
                    INSTANCES
                  </span>
                </th>
                <th>
                  <span>
                    SETTINGS
                  </span>
                </th>
              </tr>
            </thead>
            <tbody>
              <ApplicationRow
                application={
                  Object {
                    "Power1": "Wall Crawling",
                    "Power2": "Spidey Sense",
                  }
                }
                saveApplication={[Function]}
              />
            </tbody>
          </table>
        </div>,
      ],
    },
    "ref": null,
    "rendered": Array [
      Object {
        "instance": null,
        "key": undefined,
        "nodeType": "class",
        "props": Object {},
        "ref": null,
        "rendered": null,
        "type": [Function],
      },
      Object {
        "instance": null,
        "key": undefined,
        "nodeType": "host",
        "props": Object {
          "children": Array [
            <div
              className="c-info"
            >
              <div
                className="c-title"
              >
                <h1>
                  LTI Applications
                </h1>
              </div>
            </div>,
            <table
              className="c-table c-table--lti"
            >
              <thead>
                <tr>
                  <th>
                    <span>
                      NAME
                    </span>
                  </th>
                  <th>
                    <span>
                      INSTANCES
                    </span>
                  </th>
                  <th>
                    <span>
                      SETTINGS
                    </span>
                  </th>
                </tr>
              </thead>
              <tbody>
                <ApplicationRow
                  application={
                    Object {
                      "Power1": "Wall Crawling",
                      "Power2": "Spidey Sense",
                    }
                  }
                  saveApplication={[Function]}
                />
              </tbody>
            </table>,
          ],
          "className": "o-contain o-contain--full",
        },
        "ref": null,
        "rendered": Array [
          Object {
            "instance": null,
            "key": undefined,
            "nodeType": "host",
            "props": Object {
              "children": <div
                className="c-title"
              >
                <h1>
                  LTI Applications
                </h1>
              </div>,
              "className": "c-info",
            },
            "ref": null,
            "rendered": Object {
              "instance": null,
              "key": undefined,
              "nodeType": "host",
              "props": Object {
                "children": <h1>
                  LTI Applications
                </h1>,
                "className": "c-title",
              },
              "ref": null,
              "rendered": Object {
                "instance": null,
                "key": undefined,
                "nodeType": "host",
                "props": Object {
                  "children": "LTI Applications",
                },
                "ref": null,
                "rendered": "LTI Applications",
                "type": "h1",
              },
              "type": "div",
            },
            "type": "div",
          },
          Object {
            "instance": null,
            "key": undefined,
            "nodeType": "host",
            "props": Object {
              "children": Array [
                <thead>
                  <tr>
                    <th>
                      <span>
                        NAME
                      </span>
                    </th>
                    <th>
                      <span>
                        INSTANCES
                      </span>
                    </th>
                    <th>
                      <span>
                        SETTINGS
                      </span>
                    </th>
                  </tr>
                </thead>,
                <tbody>
                  <ApplicationRow
                    application={
                      Object {
                        "Power1": "Wall Crawling",
                        "Power2": "Spidey Sense",
                      }
                    }
                    saveApplication={[Function]}
                  />
                </tbody>,
              ],
              "className": "c-table c-table--lti",
            },
            "ref": null,
            "rendered": Array [
              Object {
                "instance": null,
                "key": undefined,
                "nodeType": "host",
                "props": Object {
                  "children": <tr>
                    <th>
                      <span>
                        NAME
                      </span>
                    </th>
                    <th>
                      <span>
                        INSTANCES
                      </span>
                    </th>
                    <th>
                      <span>
                        SETTINGS
                      </span>
                    </th>
                  </tr>,
                },
                "ref": null,
                "rendered": Object {
                  "instance": null,
                  "key": undefined,
                  "nodeType": "host",
                  "props": Object {
                    "children": Array [
                      <th>
                        <span>
                          NAME
                        </span>
                      </th>,
                      <th>
                        <span>
                          INSTANCES
                        </span>
                      </th>,
                      <th>
                        <span>
                          SETTINGS
                        </span>
                      </th>,
                    ],
                  },
                  "ref": null,
                  "rendered": Array [
                    Object {
                      "instance": null,
                      "key": undefined,
                      "nodeType": "host",
                      "props": Object {
                        "children": <span>
                          NAME
                        </span>,
                      },
                      "ref": null,
                      "rendered": Object {
                        "instance": null,
                        "key": undefined,
                        "nodeType": "host",
                        "props": Object {
                          "children": "NAME",
                        },
                        "ref": null,
                        "rendered": "NAME",
                        "type": "span",
                      },
                      "type": "th",
                    },
                    Object {
                      "instance": null,
                      "key": undefined,
                      "nodeType": "host",
                      "props": Object {
                        "children": <span>
                          INSTANCES
                        </span>,
                      },
                      "ref": null,
                      "rendered": Object {
                        "instance": null,
                        "key": undefined,
                        "nodeType": "host",
                        "props": Object {
                          "children": "INSTANCES",
                        },
                        "ref": null,
                        "rendered": "INSTANCES",
                        "type": "span",
                      },
                      "type": "th",
                    },
                    Object {
                      "instance": null,
                      "key": undefined,
                      "nodeType": "host",
                      "props": Object {
                        "children": <span>
                          SETTINGS
                        </span>,
                      },
                      "ref": null,
                      "rendered": Object {
                        "instance": null,
                        "key": undefined,
                        "nodeType": "host",
                        "props": Object {
                          "children": "SETTINGS",
                        },
                        "ref": null,
                        "rendered": "SETTINGS",
                        "type": "span",
                      },
                      "type": "th",
                    },
                  ],
                  "type": "tr",
                },
                "type": "thead",
              },
              Object {
                "instance": null,
                "key": undefined,
                "nodeType": "host",
                "props": Object {
                  "children": Array [
                    <ApplicationRow
                      application={
                        Object {
                          "Power1": "Wall Crawling",
                          "Power2": "Spidey Sense",
                        }
                      }
                      saveApplication={[Function]}
                    />,
                  ],
                },
                "ref": null,
                "rendered": Array [
                  Object {
                    "instance": null,
                    "key": "Spiderman",
                    "nodeType": "class",
                    "props": Object {
                      "application": Object {
                        "Power1": "Wall Crawling",
                        "Power2": "Spidey Sense",
                      },
                      "saveApplication": [Function],
                    },
                    "ref": null,
                    "rendered": null,
                    "type": [Function],
                  },
                ],
                "type": "tbody",
              },
            ],
            "type": "table",
          },
        ],
        "type": "div",
      },
    ],
    "type": "div",
  },
  Symbol(enzyme.__nodes__): Array [
    Object {
      "instance": null,
      "key": undefined,
      "nodeType": "host",
      "props": Object {
        "children": Array [
          <Connect(Heading) />,
          <div
            className="o-contain o-contain--full"
          >
            <div
              className="c-info"
            >
              <div
                className="c-title"
              >
                <h1>
                  LTI Applications
                </h1>
              </div>
            </div>
            <table
              className="c-table c-table--lti"
            >
              <thead>
                <tr>
                  <th>
                    <span>
                      NAME
                    </span>
                  </th>
                  <th>
                    <span>
                      INSTANCES
                    </span>
                  </th>
                  <th>
                    <span>
                      SETTINGS
                    </span>
                  </th>
                </tr>
              </thead>
              <tbody>
                <ApplicationRow
                  application={
                    Object {
                      "Power1": "Wall Crawling",
                      "Power2": "Spidey Sense",
                    }
                  }
                  saveApplication={[Function]}
                />
              </tbody>
            </table>
          </div>,
        ],
      },
      "ref": null,
      "rendered": Array [
        Object {
          "instance": null,
          "key": undefined,
          "nodeType": "class",
          "props": Object {},
          "ref": null,
          "rendered": null,
          "type": [Function],
        },
        Object {
          "instance": null,
          "key": undefined,
          "nodeType": "host",
          "props": Object {
            "children": Array [
              <div
                className="c-info"
              >
                <div
                  className="c-title"
                >
                  <h1>
                    LTI Applications
                  </h1>
                </div>
              </div>,
              <table
                className="c-table c-table--lti"
              >
                <thead>
                  <tr>
                    <th>
                      <span>
                        NAME
                      </span>
                    </th>
                    <th>
                      <span>
                        INSTANCES
                      </span>
                    </th>
                    <th>
                      <span>
                        SETTINGS
                      </span>
                    </th>
                  </tr>
                </thead>
                <tbody>
                  <ApplicationRow
                    application={
                      Object {
                        "Power1": "Wall Crawling",
                        "Power2": "Spidey Sense",
                      }
                    }
                    saveApplication={[Function]}
                  />
                </tbody>
              </table>,
            ],
            "className": "o-contain o-contain--full",
          },
          "ref": null,
          "rendered": Array [
            Object {
              "instance": null,
              "key": undefined,
              "nodeType": "host",
              "props": Object {
                "children": <div
                  className="c-title"
                >
                  <h1>
                    LTI Applications
                  </h1>
                </div>,
                "className": "c-info",
              },
              "ref": null,
              "rendered": Object {
                "instance": null,
                "key": undefined,
                "nodeType": "host",
                "props": Object {
                  "children": <h1>
                    LTI Applications
                  </h1>,
                  "className": "c-title",
                },
                "ref": null,
                "rendered": Object {
                  "instance": null,
                  "key": undefined,
                  "nodeType": "host",
                  "props": Object {
                    "children": "LTI Applications",
                  },
                  "ref": null,
                  "rendered": "LTI Applications",
                  "type": "h1",
                },
                "type": "div",
              },
              "type": "div",
            },
            Object {
              "instance": null,
              "key": undefined,
              "nodeType": "host",
              "props": Object {
                "children": Array [
                  <thead>
                    <tr>
                      <th>
                        <span>
                          NAME
                        </span>
                      </th>
                      <th>
                        <span>
                          INSTANCES
                        </span>
                      </th>
                      <th>
                        <span>
                          SETTINGS
                        </span>
                      </th>
                    </tr>
                  </thead>,
                  <tbody>
                    <ApplicationRow
                      application={
                        Object {
                          "Power1": "Wall Crawling",
                          "Power2": "Spidey Sense",
                        }
                      }
                      saveApplication={[Function]}
                    />
                  </tbody>,
                ],
                "className": "c-table c-table--lti",
              },
              "ref": null,
              "rendered": Array [
                Object {
                  "instance": null,
                  "key": undefined,
                  "nodeType": "host",
                  "props": Object {
                    "children": <tr>
                      <th>
                        <span>
                          NAME
                        </span>
                      </th>
                      <th>
                        <span>
                          INSTANCES
                        </span>
                      </th>
                      <th>
                        <span>
                          SETTINGS
                        </span>
                      </th>
                    </tr>,
                  },
                  "ref": null,
                  "rendered": Object {
                    "instance": null,
                    "key": undefined,
                    "nodeType": "host",
                    "props": Object {
                      "children": Array [
                        <th>
                          <span>
                            NAME
                          </span>
                        </th>,
                        <th>
                          <span>
                            INSTANCES
                          </span>
                        </th>,
                        <th>
                          <span>
                            SETTINGS
                          </span>
                        </th>,
                      ],
                    },
                    "ref": null,
                    "rendered": Array [
                      Object {
                        "instance": null,
                        "key": undefined,
                        "nodeType": "host",
                        "props": Object {
                          "children": <span>
                            NAME
                          </span>,
                        },
                        "ref": null,
                        "rendered": Object {
                          "instance": null,
                          "key": undefined,
                          "nodeType": "host",
                          "props": Object {
                            "children": "NAME",
                          },
                          "ref": null,
                          "rendered": "NAME",
                          "type": "span",
                        },
                        "type": "th",
                      },
                      Object {
                        "instance": null,
                        "key": undefined,
                        "nodeType": "host",
                        "props": Object {
                          "children": <span>
                            INSTANCES
                          </span>,
                        },
                        "ref": null,
                        "rendered": Object {
                          "instance": null,
                          "key": undefined,
                          "nodeType": "host",
                          "props": Object {
                            "children": "INSTANCES",
                          },
                          "ref": null,
                          "rendered": "INSTANCES",
                          "type": "span",
                        },
                        "type": "th",
                      },
                      Object {
                        "instance": null,
                        "key": undefined,
                        "nodeType": "host",
                        "props": Object {
                          "children": <span>
                            SETTINGS
                          </span>,
                        },
                        "ref": null,
                        "rendered": Object {
                          "instance": null,
                          "key": undefined,
                          "nodeType": "host",
                          "props": Object {
                            "children": "SETTINGS",
                          },
                          "ref": null,
                          "rendered": "SETTINGS",
                          "type": "span",
                        },
                        "type": "th",
                      },
                    ],
                    "type": "tr",
                  },
                  "type": "thead",
                },
                Object {
                  "instance": null,
                  "key": undefined,
                  "nodeType": "host",
                  "props": Object {
                    "children": Array [
                      <ApplicationRow
                        application={
                          Object {
                            "Power1": "Wall Crawling",
                            "Power2": "Spidey Sense",
                          }
                        }
                        saveApplication={[Function]}
                      />,
                    ],
                  },
                  "ref": null,
                  "rendered": Array [
                    Object {
                      "instance": null,
                      "key": "Spiderman",
                      "nodeType": "class",
                      "props": Object {
                        "application": Object {
                          "Power1": "Wall Crawling",
                          "Power2": "Spidey Sense",
                        },
                        "saveApplication": [Function],
                      },
                      "ref": null,
                      "rendered": null,
                      "type": [Function],
                    },
                  ],
                  "type": "tbody",
                },
              ],
              "type": "table",
            },
          ],
          "type": "div",
        },
      ],
      "type": "div",
    },
  ],
  Symbol(enzyme.__options__): Object {
    "adapter": ReactSixteenAdapter {
      "options": Object {
        "enableComponentDidUpdateOnSetState": true,
      },
    },
  },
}
`;
