// Jest Snapshot v1, https://goo.gl/fbAQLP

exports[`applications modal modal matches snapshot 1`] = `
<Modal
  ariaHideApp={true}
  bodyOpenClassName="ReactModal__Body--open"
  className="c-modal c-modal--settings is-open"
  closeTimeoutMS={0}
  contentElement={[Function]}
  contentLabel="Modal"
  isOpen={true}
  onRequestClose={[Function]}
  overlayClassName="c-modal__background"
  overlayElement={[Function]}
  parentSelector={[Function]}
  portalClassName="ReactModalPortal"
  preventScroll={false}
  role="dialog"
  save={[Function]}
  shouldCloseOnEsc={true}
  shouldCloseOnOverlayClick={true}
  shouldFocusAfterRender={true}
  shouldReturnFocusAfterClose={true}
>
  <h2
    className="c-modal__title"
  >
    SPEC_NAME
     Settings
  </h2>
  <Form
    closeModal={[Function]}
    configParseError={null}
    description="SPEC_STRING"
    onChange={[Function]}
    save={[Function]}
  />
</Modal>
`;
