// Jest Snapshot v1, https://goo.gl/fbAQLP

exports[`lti_deployment_modal renders the lti_deployment_modal component 1`] = `<lti_deployment_modal />`;
