// Jest Snapshot v1, https://goo.gl/fbAQLP

exports[`LtiInstallSelector renders the LtiInstallSelector component 1`] = `
<div
  className="c-input--container"
>
  <table
    className="c-table c-table--instances"
  >
    <thead>
      <tr>
        <th
          className="sortable-header"
        >
          <div
            className="aj-flex"
          >
            <button
              className="aj-sort-btn"
              onClick={[Function]}
              type="button"
            >
              <span
                className="aj-flex"
              >
                ID
                <i
                  className="material-icons aj-icon-btn-sort"
                >
                  
                </i>
              </span>
            </button>
          </div>
        </th>
        <th
          className="sortable-header"
        >
          <div
            className="aj-flex"
          >
            <button
              className="aj-sort-btn"
              onClick={[Function]}
              type="button"
            >
              <span
                className="aj-flex"
              >
                ISS
                <i
                  className="material-icons aj-icon-btn-sort"
                >
                  
                </i>
              </span>
            </button>
          </div>
        </th>
        <th
          className="sortable-header"
        >
          <div
            className="aj-flex"
          >
            <button
              className="aj-sort-btn"
              onClick={[Function]}
              type="button"
            >
              <span
                className="aj-flex"
              >
                CLIENT ID
                <i
                  className="material-icons aj-icon-btn-sort"
                >
                  
                </i>
              </span>
            </button>
          </div>
        </th>
        <th
          className="sortable-header"
        >
          <div
            className="aj-flex"
          >
            <button
              className="aj-sort-btn"
              onClick={[Function]}
              type="button"
            >
              <span
                className="aj-flex selected"
              >
                CREATED
                <i
                  className="material-icons aj-icon-btn-sort"
                >
                  arrow_downward
                </i>
              </span>
            </button>
          </div>
        </th>
        <th />
      </tr>
    </thead>
    <tbody />
  </table>
  <ul
    className="pagination"
  >
    <li
      className="previous disabled"
    >
      <a
        aria-disabled="true"
        aria-label="Previous page"
        className=" "
        onClick={[Function]}
        onKeyPress={[Function]}
        rel="prev"
        role="button"
        tabIndex="-1"
      >
        Prev
      </a>
    </li>
    <li
      className="next"
    >
      <a
        aria-disabled="false"
        aria-label="Next page"
        className=""
        onClick={[Function]}
        onKeyPress={[Function]}
        rel="next"
        role="button"
        tabIndex="0"
      >
        Next
      </a>
    </li>
  </ul>
</div>
`;

exports[`lti_install_selector renders the lti_install_selector component 1`] = `<lti_install_selector />`;
