// Jest Snapshot v1, https://goo.gl/fbAQLP

exports[`SettingsInputs renders the SettingsInputs component 1`] = `
Array [
  <div
    className="aj-settings-title"
  />,
  <div
    className="aj-item-padding undefined"
  />,
]
`;
