// Jest Snapshot v1, https://goo.gl/fbAQLP

exports[`lti installs account install with account present matches the snapshot 1`] = `
ShallowWrapper {
  "length": 1,
  Symbol(enzyme.__root__): [Circular],
  Symbol(enzyme.__unrendered__): <AccountInstall
    account={
      Object {
        "external_tools": Object {
          "consumer_key": "consumer_key",
        },
        "id": 12,
        "name": "accountName",
      }
    }
    accountInstalls={123}
    applicationInstance={
      Object {
        "lti_key": "lti_key",
      }
    }
    canvasRequest={[Function]}
  />,
  Symbol(enzyme.__renderer__): Object {
    "batchedUpdates": [Function],
    "getNode": [Function],
    "render": [Function],
    "simulateEvent": [Function],
    "unmount": [Function],
  },
  Symbol(enzyme.__node__): Object {
    "instance": null,
    "key": undefined,
    "nodeType": "host",
    "props": Object {
      "children": Array [
        <div
          className="c-title"
        >
          <h1>
            123
          </h1>
          <h3>
            accountName
          </h3>
        </div>,
        <button
          className="c-btn c-btn--yellow"
          onClick={[Function]}
        >
          Install Into Account
        </button>,
      ],
      "className": "c-info",
    },
    "ref": null,
    "rendered": Array [
      Object {
        "instance": null,
        "key": undefined,
        "nodeType": "host",
        "props": Object {
          "children": Array [
            <h1>
              123
            </h1>,
            <h3>
              accountName
            </h3>,
          ],
          "className": "c-title",
        },
        "ref": null,
        "rendered": Array [
          Object {
            "instance": null,
            "key": undefined,
            "nodeType": "host",
            "props": Object {
              "children": 123,
            },
            "ref": null,
            "rendered": 123,
            "type": "h1",
          },
          Object {
            "instance": null,
            "key": undefined,
            "nodeType": "host",
            "props": Object {
              "children": "accountName",
            },
            "ref": null,
            "rendered": "accountName",
            "type": "h3",
          },
        ],
        "type": "div",
      },
      Object {
        "instance": null,
        "key": undefined,
        "nodeType": "host",
        "props": Object {
          "children": "Install Into Account",
          "className": "c-btn c-btn--yellow",
          "onClick": [Function],
        },
        "ref": null,
        "rendered": "Install Into Account",
        "type": "button",
      },
    ],
    "type": "div",
  },
  Symbol(enzyme.__nodes__): Array [
    Object {
      "instance": null,
      "key": undefined,
      "nodeType": "host",
      "props": Object {
        "children": Array [
          <div
            className="c-title"
          >
            <h1>
              123
            </h1>
            <h3>
              accountName
            </h3>
          </div>,
          <button
            className="c-btn c-btn--yellow"
            onClick={[Function]}
          >
            Install Into Account
          </button>,
        ],
        "className": "c-info",
      },
      "ref": null,
      "rendered": Array [
        Object {
          "instance": null,
          "key": undefined,
          "nodeType": "host",
          "props": Object {
            "children": Array [
              <h1>
                123
              </h1>,
              <h3>
                accountName
              </h3>,
            ],
            "className": "c-title",
          },
          "ref": null,
          "rendered": Array [
            Object {
              "instance": null,
              "key": undefined,
              "nodeType": "host",
              "props": Object {
                "children": 123,
              },
              "ref": null,
              "rendered": 123,
              "type": "h1",
            },
            Object {
              "instance": null,
              "key": undefined,
              "nodeType": "host",
              "props": Object {
                "children": "accountName",
              },
              "ref": null,
              "rendered": "accountName",
              "type": "h3",
            },
          ],
          "type": "div",
        },
        Object {
          "instance": null,
          "key": undefined,
          "nodeType": "host",
          "props": Object {
            "children": "Install Into Account",
            "className": "c-btn c-btn--yellow",
            "onClick": [Function],
          },
          "ref": null,
          "rendered": "Install Into Account",
          "type": "button",
        },
      ],
      "type": "div",
    },
  ],
  Symbol(enzyme.__options__): Object {
    "adapter": ReactSixteenAdapter {
      "options": Object {
        "enableComponentDidUpdateOnSetState": true,
      },
    },
  },
}
`;
