// Jest Snapshot v1, https://goo.gl/fbAQLP

exports[`lti installs course install row matches the snapshot 1`] = `
ShallowWrapper {
  "length": 1,
  Symbol(enzyme.__root__): [Circular],
  Symbol(enzyme.__unrendered__): <CourseInstallRow
    applicationInstance={
      Object {
        "lti_config_xml": "lti_config_xml",
        "lti_key": "lti_key",
        "lti_secret": "lti_secret",
        "name": "application_name",
        "site": Object {
          "url": "example.com",
        },
      }
    }
    canvasRequest={[Function]}
    courseId={123}
    courseName="courseName"
    installedTool={
      Object {
        "id": 12,
      }
    }
  />,
  Symbol(enzyme.__renderer__): Object {
    "batchedUpdates": [Function],
    "getNode": [Function],
    "render": [Function],
    "simulateEvent": [Function],
    "unmount": [Function],
  },
  Symbol(enzyme.__node__): Object {
    "instance": null,
    "key": undefined,
    "nodeType": "host",
    "props": Object {
      "children": Array [
        <td>
          <div
            className="c-table--inactive"
          >
            <a
              href="example.com/courses/123/external_tools/12"
              rel="noopener noreferrer"
              target="_blank"
            >
              courseName
            </a>
          </div>
        </td>,
        <td>
          <button
            className="c-btn c-btn--gray"
            onClick={[Function]}
          >
            Uninstall
          </button>
        </td>,
      ],
    },
    "ref": null,
    "rendered": Array [
      Object {
        "instance": null,
        "key": undefined,
        "nodeType": "host",
        "props": Object {
          "children": <div
            className="c-table--inactive"
          >
            <a
              href="example.com/courses/123/external_tools/12"
              rel="noopener noreferrer"
              target="_blank"
            >
              courseName
            </a>
          </div>,
        },
        "ref": null,
        "rendered": Object {
          "instance": null,
          "key": undefined,
          "nodeType": "host",
          "props": Object {
            "children": <a
              href="example.com/courses/123/external_tools/12"
              rel="noopener noreferrer"
              target="_blank"
            >
              courseName
            </a>,
            "className": "c-table--inactive",
          },
          "ref": null,
          "rendered": Object {
            "instance": null,
            "key": undefined,
            "nodeType": "host",
            "props": Object {
              "children": "courseName",
              "href": "example.com/courses/123/external_tools/12",
              "rel": "noopener noreferrer",
              "target": "_blank",
            },
            "ref": null,
            "rendered": "courseName",
            "type": "a",
          },
          "type": "div",
        },
        "type": "td",
      },
      Object {
        "instance": null,
        "key": undefined,
        "nodeType": "host",
        "props": Object {
          "children": <button
            className="c-btn c-btn--gray"
            onClick={[Function]}
          >
            Uninstall
          </button>,
        },
        "ref": null,
        "rendered": Object {
          "instance": null,
          "key": undefined,
          "nodeType": "host",
          "props": Object {
            "children": "Uninstall",
            "className": "c-btn c-btn--gray",
            "onClick": [Function],
          },
          "ref": null,
          "rendered": "Uninstall",
          "type": "button",
        },
        "type": "td",
      },
    ],
    "type": "tr",
  },
  Symbol(enzyme.__nodes__): Array [
    Object {
      "instance": null,
      "key": undefined,
      "nodeType": "host",
      "props": Object {
        "children": Array [
          <td>
            <div
              className="c-table--inactive"
            >
              <a
                href="example.com/courses/123/external_tools/12"
                rel="noopener noreferrer"
                target="_blank"
              >
                courseName
              </a>
            </div>
          </td>,
          <td>
            <button
              className="c-btn c-btn--gray"
              onClick={[Function]}
            >
              Uninstall
            </button>
          </td>,
        ],
      },
      "ref": null,
      "rendered": Array [
        Object {
          "instance": null,
          "key": undefined,
          "nodeType": "host",
          "props": Object {
            "children": <div
              className="c-table--inactive"
            >
              <a
                href="example.com/courses/123/external_tools/12"
                rel="noopener noreferrer"
                target="_blank"
              >
                courseName
              </a>
            </div>,
          },
          "ref": null,
          "rendered": Object {
            "instance": null,
            "key": undefined,
            "nodeType": "host",
            "props": Object {
              "children": <a
                href="example.com/courses/123/external_tools/12"
                rel="noopener noreferrer"
                target="_blank"
              >
                courseName
              </a>,
              "className": "c-table--inactive",
            },
            "ref": null,
            "rendered": Object {
              "instance": null,
              "key": undefined,
              "nodeType": "host",
              "props": Object {
                "children": "courseName",
                "href": "example.com/courses/123/external_tools/12",
                "rel": "noopener noreferrer",
                "target": "_blank",
              },
              "ref": null,
              "rendered": "courseName",
              "type": "a",
            },
            "type": "div",
          },
          "type": "td",
        },
        Object {
          "instance": null,
          "key": undefined,
          "nodeType": "host",
          "props": Object {
            "children": <button
              className="c-btn c-btn--gray"
              onClick={[Function]}
            >
              Uninstall
            </button>,
          },
          "ref": null,
          "rendered": Object {
            "instance": null,
            "key": undefined,
            "nodeType": "host",
            "props": Object {
              "children": "Uninstall",
              "className": "c-btn c-btn--gray",
              "onClick": [Function],
            },
            "ref": null,
            "rendered": "Uninstall",
            "type": "button",
          },
          "type": "td",
        },
      ],
      "type": "tr",
    },
  ],
  Symbol(enzyme.__options__): Object {
    "adapter": ReactSixteenAdapter {
      "options": Object {
        "enableComponentDidUpdateOnSetState": true,
      },
    },
  },
}
`;
