// Jest Snapshot v1, https://goo.gl/fbAQLP

exports[`the index component matches the snapshot 1`] = `
<div
  style={
    Object {
      "height": "100%",
    }
  }
>
  <Connect(Heading) />
  <div
    className="o-contain"
  >
    <Sidebar
      accounts={Object {}}
      applicationInstance={Object {}}
      canvasRequest={[Function]}
      currentAccount={null}
      saveApplicationInstance={[Function]}
      setAccountActive={[Function]}
      sites={Object {}}
    />
    <Connect(InstallPane)
      account={null}
      applicationInstance={Object {}}
      canvasRequest={[Function]}
      loadExternalTools={[Function]}
      loadingCourses={Object {}}
    />
  </div>
  <Modal
    ariaHideApp={true}
    bodyOpenClassName="ReactModal__Body--open"
    className="c-modal c-modal--site is-open c-modal--error loading"
    closeTimeoutMS={0}
    contentElement={[Function]}
    contentLabel="Modal"
    isOpen={false}
    overlayClassName="c-modal__background"
    overlayElement={[Function]}
    parentSelector={[Function]}
    portalClassName="ReactModalPortal"
    preventScroll={false}
    role="dialog"
    shouldCloseOnEsc={true}
    shouldCloseOnOverlayClick={true}
    shouldFocusAfterRender={true}
    shouldReturnFocusAfterClose={true}
  >
    <div
      className="c-loading-icon"
    />
       Loading...
  </Modal>
</div>
`;
