// Jest Snapshot v1, https://goo.gl/fbAQLP

exports[`input matches the snapshot 1`] = `
ShallowWrapper {
  "length": 1,
  Symbol(enzyme.__root__): [Circular],
  Symbol(enzyme.__unrendered__): <Input
    className="imaclass"
    inputProps={
      Object {
        "checked": true,
        "id": "IM AN ID",
        "name": "the name",
        "onChange": [Function],
        "type": "radio",
        "value": "IM A VALUE",
      }
    }
    labelText="IMA LABEL"
  />,
  Symbol(enzyme.__renderer__): Object {
    "batchedUpdates": [Function],
    "getNode": [Function],
    "render": [Function],
    "simulateEvent": [Function],
    "unmount": [Function],
  },
  Symbol(enzyme.__node__): Object {
    "instance": null,
    "key": undefined,
    "nodeType": "host",
    "props": Object {
      "children": Array [
        <label
          className="imaclass"
          htmlFor="IM AN ID"
        >
          <input
            checked={true}
            id="IM AN ID"
            name="the name"
            onChange={[Function]}
            type="radio"
            value="IM A VALUE"
          />
          <span>
            IMA LABEL
          </span>
        </label>,
        undefined,
      ],
      "className": "c-input--container",
    },
    "ref": null,
    "rendered": Array [
      Object {
        "instance": null,
        "key": undefined,
        "nodeType": "host",
        "props": Object {
          "children": Array [
            undefined,
            <input
              checked={true}
              id="IM AN ID"
              name="the name"
              onChange={[Function]}
              type="radio"
              value="IM A VALUE"
            />,
            <span>
              IMA LABEL
            </span>,
          ],
          "className": "imaclass",
          "htmlFor": "IM AN ID",
        },
        "ref": null,
        "rendered": Array [
          undefined,
          Object {
            "instance": null,
            "key": undefined,
            "nodeType": "host",
            "props": Object {
              "checked": true,
              "id": "IM AN ID",
              "name": "the name",
              "onChange": [Function],
              "type": "radio",
              "value": "IM A VALUE",
            },
            "ref": null,
            "rendered": null,
            "type": "input",
          },
          Object {
            "instance": null,
            "key": undefined,
            "nodeType": "host",
            "props": Object {
              "children": "IMA LABEL",
            },
            "ref": null,
            "rendered": "IMA LABEL",
            "type": "span",
          },
        ],
        "type": "label",
      },
      undefined,
    ],
    "type": "div",
  },
  Symbol(enzyme.__nodes__): Array [
    Object {
      "instance": null,
      "key": undefined,
      "nodeType": "host",
      "props": Object {
        "children": Array [
          <label
            className="imaclass"
            htmlFor="IM AN ID"
          >
            <input
              checked={true}
              id="IM AN ID"
              name="the name"
              onChange={[Function]}
              type="radio"
              value="IM A VALUE"
            />
            <span>
              IMA LABEL
            </span>
          </label>,
          undefined,
        ],
        "className": "c-input--container",
      },
      "ref": null,
      "rendered": Array [
        Object {
          "instance": null,
          "key": undefined,
          "nodeType": "host",
          "props": Object {
            "children": Array [
              undefined,
              <input
                checked={true}
                id="IM AN ID"
                name="the name"
                onChange={[Function]}
                type="radio"
                value="IM A VALUE"
              />,
              <span>
                IMA LABEL
              </span>,
            ],
            "className": "imaclass",
            "htmlFor": "IM AN ID",
          },
          "ref": null,
          "rendered": Array [
            undefined,
            Object {
              "instance": null,
              "key": undefined,
              "nodeType": "host",
              "props": Object {
                "checked": true,
                "id": "IM AN ID",
                "name": "the name",
                "onChange": [Function],
                "type": "radio",
                "value": "IM A VALUE",
              },
              "ref": null,
              "rendered": null,
              "type": "input",
            },
            Object {
              "instance": null,
              "key": undefined,
              "nodeType": "host",
              "props": Object {
                "children": "IMA LABEL",
              },
              "ref": null,
              "rendered": "IMA LABEL",
              "type": "span",
            },
          ],
          "type": "label",
        },
        undefined,
      ],
      "type": "div",
    },
  ],
  Symbol(enzyme.__options__): Object {
    "adapter": ReactSixteenAdapter {
      "options": Object {
        "enableComponentDidUpdateOnSetState": true,
      },
    },
  },
}
`;
