// Jest Snapshot v1, https://goo.gl/fbAQLP

exports[`textarea matches the snapshot 1`] = `
ShallowWrapper {
  "length": 1,
  Symbol(enzyme.__root__): [Circular],
  Symbol(enzyme.__unrendered__): <Textarea
    className="imaclass"
    labelText="IMA LABEL"
    textareaProps={
      Object {
        "cols": 3,
        "disabled": false,
        "id": "IM AN ID",
        "maxLength": 1,
        "minLength": 1,
        "name": "the name",
        "onChange": [Function],
        "placeholder": "IMA PLACEHOLDER",
        "rows": 2,
        "value": "IM A VALUE",
      }
    }
  />,
  Symbol(enzyme.__renderer__): Object {
    "batchedUpdates": [Function],
    "getNode": [Function],
    "render": [Function],
    "simulateEvent": [Function],
    "unmount": [Function],
  },
  Symbol(enzyme.__node__): Object {
    "instance": null,
    "key": undefined,
    "nodeType": "host",
    "props": Object {
      "children": Array [
        <span>
          IMA LABEL
        </span>,
        <textarea
          cols={3}
          disabled={false}
          id="IM AN ID"
          maxLength={1}
          minLength={1}
          name="the name"
          onChange={[Function]}
          placeholder="IMA PLACEHOLDER"
          rows={2}
          value="IM A VALUE"
        />,
        undefined,
      ],
      "className": "imaclass",
      "htmlFor": "IM AN ID",
    },
    "ref": null,
    "rendered": Array [
      Object {
        "instance": null,
        "key": undefined,
        "nodeType": "host",
        "props": Object {
          "children": "IMA LABEL",
        },
        "ref": null,
        "rendered": "IMA LABEL",
        "type": "span",
      },
      Object {
        "instance": null,
        "key": undefined,
        "nodeType": "host",
        "props": Object {
          "cols": 3,
          "disabled": false,
          "id": "IM AN ID",
          "maxLength": 1,
          "minLength": 1,
          "name": "the name",
          "onChange": [Function],
          "placeholder": "IMA PLACEHOLDER",
          "rows": 2,
          "value": "IM A VALUE",
        },
        "ref": null,
        "rendered": null,
        "type": "textarea",
      },
      undefined,
    ],
    "type": "label",
  },
  Symbol(enzyme.__nodes__): Array [
    Object {
      "instance": null,
      "key": undefined,
      "nodeType": "host",
      "props": Object {
        "children": Array [
          <span>
            IMA LABEL
          </span>,
          <textarea
            cols={3}
            disabled={false}
            id="IM AN ID"
            maxLength={1}
            minLength={1}
            name="the name"
            onChange={[Function]}
            placeholder="IMA PLACEHOLDER"
            rows={2}
            value="IM A VALUE"
          />,
          undefined,
        ],
        "className": "imaclass",
        "htmlFor": "IM AN ID",
      },
      "ref": null,
      "rendered": Array [
        Object {
          "instance": null,
          "key": undefined,
          "nodeType": "host",
          "props": Object {
            "children": "IMA LABEL",
          },
          "ref": null,
          "rendered": "IMA LABEL",
          "type": "span",
        },
        Object {
          "instance": null,
          "key": undefined,
          "nodeType": "host",
          "props": Object {
            "cols": 3,
            "disabled": false,
            "id": "IM AN ID",
            "maxLength": 1,
            "minLength": 1,
            "name": "the name",
            "onChange": [Function],
            "placeholder": "IMA PLACEHOLDER",
            "rows": 2,
            "value": "IM A VALUE",
          },
          "ref": null,
          "rendered": null,
          "type": "textarea",
        },
        undefined,
      ],
      "type": "label",
    },
  ],
  Symbol(enzyme.__options__): Object {
    "adapter": ReactSixteenAdapter {
      "options": Object {
        "enableComponentDidUpdateOnSetState": true,
      },
    },
  },
}
`;
