// Jest Snapshot v1, https://goo.gl/fbAQLP

exports[`sites delete form matches the snapshot 1`] = `
ShallowWrapper {
  "length": 1,
  Symbol(enzyme.__root__): [Circular],
  Symbol(enzyme.__unrendered__): <SiteForm
    closeModal={[Function]}
    deleteSite={[Function]}
  />,
  Symbol(enzyme.__renderer__): Object {
    "batchedUpdates": [Function],
    "getNode": [Function],
    "render": [Function],
    "simulateEvent": [Function],
    "unmount": [Function],
  },
  Symbol(enzyme.__node__): Object {
    "instance": null,
    "key": undefined,
    "nodeType": "host",
    "props": Object {
      "children": Array [
        <button
          className="c-btn c-btn--red"
          onClick={[Function]}
          type="button"
        >
          Yes
        </button>,
        <button
          className="c-btn c-btn--gray--large u-m-right"
          onClick={[Function]}
          type="button"
        >
          Cancel
        </button>,
      ],
    },
    "ref": null,
    "rendered": Array [
      Object {
        "instance": null,
        "key": undefined,
        "nodeType": "host",
        "props": Object {
          "children": "Yes",
          "className": "c-btn c-btn--red",
          "onClick": [Function],
          "type": "button",
        },
        "ref": null,
        "rendered": "Yes",
        "type": "button",
      },
      Object {
        "instance": null,
        "key": undefined,
        "nodeType": "host",
        "props": Object {
          "children": "Cancel",
          "className": "c-btn c-btn--gray--large u-m-right",
          "onClick": [Function],
          "type": "button",
        },
        "ref": null,
        "rendered": "Cancel",
        "type": "button",
      },
    ],
    "type": "form",
  },
  Symbol(enzyme.__nodes__): Array [
    Object {
      "instance": null,
      "key": undefined,
      "nodeType": "host",
      "props": Object {
        "children": Array [
          <button
            className="c-btn c-btn--red"
            onClick={[Function]}
            type="button"
          >
            Yes
          </button>,
          <button
            className="c-btn c-btn--gray--large u-m-right"
            onClick={[Function]}
            type="button"
          >
            Cancel
          </button>,
        ],
      },
      "ref": null,
      "rendered": Array [
        Object {
          "instance": null,
          "key": undefined,
          "nodeType": "host",
          "props": Object {
            "children": "Yes",
            "className": "c-btn c-btn--red",
            "onClick": [Function],
            "type": "button",
          },
          "ref": null,
          "rendered": "Yes",
          "type": "button",
        },
        Object {
          "instance": null,
          "key": undefined,
          "nodeType": "host",
          "props": Object {
            "children": "Cancel",
            "className": "c-btn c-btn--gray--large u-m-right",
            "onClick": [Function],
            "type": "button",
          },
          "ref": null,
          "rendered": "Cancel",
          "type": "button",
        },
      ],
      "type": "form",
    },
  ],
  Symbol(enzyme.__options__): Object {
    "adapter": ReactSixteenAdapter {
      "options": Object {
        "enableComponentDidUpdateOnSetState": true,
      },
    },
  },
}
`;
