// Jest Snapshot v1, https://goo.gl/fbAQLP

exports[`site modal matches the snapshot 1`] = `
<Modal
  ariaHideApp={true}
  bodyOpenClassName="ReactModal__Body--open"
  className="c-modal c-modal--site is-open"
  closeTimeoutMS={0}
  contentElement={[Function]}
  contentLabel="Modal"
  isOpen={true}
  onRequestClose={[Function]}
  overlayClassName="unused"
  overlayElement={[Function]}
  parentSelector={[Function]}
  portalClassName="ReactModalPortal"
  preventScroll={false}
  role="dialog"
  shouldCloseOnEsc={true}
  shouldCloseOnOverlayClick={true}
  shouldFocusAfterRender={true}
  shouldReturnFocusAfterClose={true}
>
  <h2
    className="c-modal__title"
  >
    Update
     Domain
  </h2>
  <h3
    className="c-modal__subtext"
  >
    <div>
      <div>
        Use the redirect URI: 
      </div>
      <div>
        <a
          className="c-modal__subtext-link"
          href="bfcoder.com/accounts/site_admin/developer_keys"
          rel="noopener noreferrer"
          target="_blank"
        >
          Get Canvas Developer Keys Here
        </a>
      </div>
    </div>
  </h3>
  <h3
    className="c-modal__subtext"
  >
    Url must begin with "https://"
  </h3>
  <SiteForm
    closeModal={[Function]}
    id={1}
    isUpdate={true}
    onChange={[Function]}
    setupSite={[Function]}
    url="bfcoder.com"
  />
</Modal>
`;
